../Core/Src/main.c:68:6:Control_Servo	24	static
../Core/Src/main.c:114:6:Cinematica_Inversa	40	static
../Core/Src/main.c:138:6:abrirgripper	8	static
../Core/Src/main.c:143:6:cerrargripper	8	static
../Core/Src/main.c:148:6:secuencia	8	static
../Core/Src/main.c:237:5:main	8	static
../Core/Src/main.c:293:6:SystemClock_Config	88	static
../Core/Src/main.c:341:13:MX_RTC_Init	8	static
../Core/Src/main.c:376:13:MX_TIM1_Init	80	static
../Core/Src/main.c:453:13:MX_TIM2_Init	48	static
../Core/Src/main.c:506:13:MX_GPIO_Init	16	static
../Core/Src/main.c:528:6:Error_Handler	4	static,ignoring_inline_asm
